0.038901
0.282464
0.065580
0.056045
0.228946
0.328065
