3 2 0 57 31
2 2 1 72 67
6 2 2 95 79
5 2 2 100 106
1 1 2 43 78
4 1 3 77 83
